sample.interval=1000
"logical" "vapply" "<Anonymous>" "compact_parse" "compact_arrays" "compact_structure" 
"logical" "vapply" "<Anonymous>" "compact_parse" "compact_arrays" "compact_structure" 
"compact_parse" "compact_arrays" "compact_structure" 
"compact_parse" "compact_arrays" "compact_structure" 
"compact_parse" "compact_arrays" "compact_structure" 
"compact_parse" "compact_arrays" "compact_structure" 
"compact_parse" "compact_arrays" "compact_structure" 
"compact_parse" "compact_arrays" "compact_structure" 
"compact_parse" "compact_arrays" "compact_structure" 
"compact_parse" "compact_arrays" "compact_structure" 
"compact_parse" "compact_arrays" "compact_structure" 
"compact_parse" "compact_arrays" "compact_structure" 
"compact_parse" "compact_arrays" "compact_structure" 
"compact_parse" "compact_arrays" "compact_structure" 
"compact_parse" "compact_arrays" "compact_structure" 
"compact_parse" "compact_arrays" "compact_structure" 
"compact_parse" "compact_arrays" "compact_structure" 
"compact_parse" "compact_arrays" "compact_structure" 
"compact_parse" "compact_arrays" "compact_structure" 
"compact_parse" "compact_arrays" "compact_structure" 
"compact_parse" "compact_arrays" "compact_structure" 
"compact_parse" "compact_arrays" "compact_structure" 
"compact_parse" "compact_arrays" "compact_structure" 
"compact_parse" "compact_arrays" "compact_structure" 
"compact_parse" "compact_arrays" "compact_structure" 
"create_impl" "<Anonymous>" "do.call" "igraph::make_graph" "compact_graph" "compact_structure" 
"create_impl" "<Anonymous>" "do.call" "igraph::make_graph" "compact_graph" "compact_structure" 
"create_impl" "<Anonymous>" "do.call" "igraph::make_graph" "compact_graph" "compact_structure" 
"create_impl" "<Anonymous>" "do.call" "igraph::make_graph" "compact_graph" "compact_structure" 
"create_impl" "<Anonymous>" "do.call" "igraph::make_graph" "compact_graph" "compact_structure" 
"create_impl" "<Anonymous>" "do.call" "igraph::make_graph" "compact_graph" "compact_structure" 
"warn_version" "is_igraph" "ensure_igraph" "vertex_attr_names" "%in%" "is_named" "V" "simple_vs_index" "create_vs" "edges_impl" "ends" "E" "edge.attributes<-" "igraph::edge_attr<-" "compact_graph" "compact_structure" 
"create_impl" "<Anonymous>" "do.call" "igraph::make_graph" "compact_graph" "compact_structure" 
"create_impl" "<Anonymous>" "do.call" "igraph::make_graph" "compact_graph" "compact_structure" 
"create_impl" "<Anonymous>" "do.call" "igraph::make_graph" "compact_graph" "compact_structure" 
"create_impl" "<Anonymous>" "do.call" "igraph::make_graph" "compact_graph" "compact_structure" 
"create_impl" "<Anonymous>" "do.call" "igraph::make_graph" "compact_graph" "compact_structure" 
"create_impl" "<Anonymous>" "do.call" "igraph::make_graph" "compact_graph" "compact_structure" 
"create_impl" "<Anonymous>" "do.call" "igraph::make_graph" "compact_graph" "compact_structure" 
"vertex.attributes" "vertex_attr" "V" "simple_vs_index" "create_vs" "edges_impl" "ends" "E" "edge.attributes<-" "igraph::edge_attr<-" "compact_graph" "compact_structure" 
"warn_version" "get_graph_id" "add_vses_graph_ref" "V" "simple_vs_index" "create_vs" "edges_impl" "ends" "E" "edge.attributes<-" "igraph::edge_attr<-" "compact_graph" "compact_structure" 
"edge.attributes<-" "igraph::edge_attr<-" "compact_graph" "compact_structure" 
"is_igraph" "ensure_igraph" "vertex_attr_names" "%in%" "is_named" "V" "simple_vs_index" "create_vs" "edges_impl" "ends" "E" "edge.attributes<-" "igraph::edge_attr<-" "compact_graph" "compact_structure" 
"is_igraph" "ensure_igraph" "vertex_attr_names" "%in%" "is_named" "E" "edge.attributes<-" "igraph::edge_attr<-" "compact_graph" "compact_structure" 
"create_impl" "<Anonymous>" "do.call" "igraph::make_graph" "compact_graph" "compact_structure" 
"assert_named_list" "graph.attributes<-" "igraph::graph_attr<-" "compact_graph" "compact_structure" 
"create_impl" "<Anonymous>" "do.call" "igraph::make_graph" "compact_graph" "compact_structure" 
"create_impl" "<Anonymous>" "do.call" "igraph::make_graph" "compact_graph" "compact_structure" 
"create_impl" "<Anonymous>" "do.call" "igraph::make_graph" "compact_graph" "compact_structure" 
"create_impl" "<Anonymous>" "do.call" "igraph::make_graph" "compact_graph" "compact_structure" 
"create_impl" "<Anonymous>" "do.call" "igraph::make_graph" "compact_graph" "compact_structure" 
"create_impl" "<Anonymous>" "do.call" "igraph::make_graph" "compact_graph" "compact_structure" 
"create_impl" "<Anonymous>" "do.call" "igraph::make_graph" "compact_graph" "compact_structure" 
"create_impl" "<Anonymous>" "do.call" "igraph::make_graph" "compact_graph" "compact_structure" 
"create_impl" "<Anonymous>" "do.call" "igraph::make_graph" "compact_graph" "compact_structure" 
"create_impl" "<Anonymous>" "do.call" "igraph::make_graph" "compact_graph" "compact_structure" 
"create_impl" "<Anonymous>" "do.call" "igraph::make_graph" "compact_graph" "compact_structure" 
"create_impl" "<Anonymous>" "do.call" "igraph::make_graph" "compact_graph" "compact_structure" 
"create_impl" "<Anonymous>" "do.call" "igraph::make_graph" "compact_graph" "compact_structure" 
"create_impl" "<Anonymous>" "do.call" "igraph::make_graph" "compact_graph" "compact_structure" 
"create_impl" "<Anonymous>" "do.call" "igraph::make_graph" "compact_graph" "compact_structure" 
"create_impl" "<Anonymous>" "do.call" "igraph::make_graph" "compact_graph" "compact_structure" 
"create_impl" "<Anonymous>" "do.call" "igraph::make_graph" "compact_graph" "compact_structure" 
"is.na" "as_igraph_vs" "vertex.attributes<-" "igraph::vertex_attr<-" "compact_graph" "compact_structure" 
"create_impl" "<Anonymous>" "do.call" "igraph::make_graph" "compact_graph" "compact_structure" 
"create_impl" "<Anonymous>" "do.call" "igraph::make_graph" "compact_graph" "compact_structure" 
"create_impl" "<Anonymous>" "do.call" "igraph::make_graph" "compact_graph" "compact_structure" 
"create_impl" "<Anonymous>" "do.call" "igraph::make_graph" "compact_graph" "compact_structure" 
"create_impl" "<Anonymous>" "do.call" "igraph::make_graph" "compact_graph" "compact_structure" 
"create_impl" "<Anonymous>" "do.call" "igraph::make_graph" "compact_graph" "compact_structure" 
"matrix" "ends" "E" "edge.attributes<-" "igraph::edge_attr<-" "compact_graph" "compact_structure" 
"edge.attributes<-" "igraph::edge_attr<-" "compact_graph" "compact_structure" 
"vertex.attributes" "vertex_attr" "V" "is_complete_iterator" "vertex_attr" "ends" "E" "edge.attributes<-" "igraph::edge_attr<-" "compact_graph" "compact_structure" 
"create_impl" "<Anonymous>" "do.call" "igraph::make_graph" "compact_graph" "compact_structure" 
"graph.attributes<-" "igraph::graph_attr<-" "compact_graph" "compact_structure" 
"create_impl" "<Anonymous>" "do.call" "igraph::make_graph" "compact_graph" "compact_structure" 
"create_impl" "<Anonymous>" "do.call" "igraph::make_graph" "compact_graph" "compact_structure" 
"get_es_ref" "update_es_ref" "E" "edge.attributes<-" "igraph::edge_attr<-" "compact_graph" "compact_structure" 
"assert_named_list" "graph.attributes<-" "igraph::graph_attr<-" "compact_graph" "compact_structure" 
"ends" "E" "edge.attributes<-" "igraph::edge_attr<-" "compact_graph" "compact_structure" 
"create_impl" "<Anonymous>" "do.call" "igraph::make_graph" "compact_graph" "compact_structure" 
"add_vses_graph_ref" "V" "vertex.attributes<-" "igraph::vertex_attr<-" "compact_graph" "compact_structure" 
"create_impl" "<Anonymous>" "do.call" "igraph::make_graph" "compact_graph" "compact_structure" 
"create_impl" "<Anonymous>" "do.call" "igraph::make_graph" "compact_graph" "compact_structure" 
"create_impl" "<Anonymous>" "do.call" "igraph::make_graph" "compact_graph" "compact_structure" 
"create_impl" "<Anonymous>" "do.call" "igraph::make_graph" "compact_graph" "compact_structure" 
"create_impl" "<Anonymous>" "do.call" "igraph::make_graph" "compact_graph" "compact_structure" 
"warn_version" "is_igraph" "get_es_ref" "update_vs_ref" "V" "is_complete_iterator" "vertex_attr" "ends" "E" "edge.attributes<-" "igraph::edge_attr<-" "compact_graph" "compact_structure" 
"create_impl" "<Anonymous>" "do.call" "igraph::make_graph" "compact_graph" "compact_structure" 
"add_vses_graph_ref" "V" "simple_vs_index" "create_vs" "edges_impl" "ends" "E" "edge.attributes<-" "igraph::edge_attr<-" "compact_graph" "compact_structure" 
"create_impl" "<Anonymous>" "do.call" "igraph::make_graph" "compact_graph" "compact_structure" 
"create_impl" "<Anonymous>" "do.call" "igraph::make_graph" "compact_graph" "compact_structure" 
"create_impl" "<Anonymous>" "do.call" "igraph::make_graph" "compact_graph" "compact_structure" 
"create_impl" "<Anonymous>" "do.call" "igraph::make_graph" "compact_graph" "compact_structure" 
"make_weak_ref" "add_vses_graph_ref" "V" "simple_vs_index" "create_vs" "edges_impl" "ends" "E" "edge.attributes<-" "igraph::edge_attr<-" "compact_graph" "compact_structure" 
"create_impl" "<Anonymous>" "do.call" "igraph::make_graph" "compact_graph" "compact_structure" 
"create_impl" "<Anonymous>" "do.call" "igraph::make_graph" "compact_graph" "compact_structure" 
"create_impl" "<Anonymous>" "do.call" "igraph::make_graph" "compact_graph" "compact_structure" 
"create_impl" "<Anonymous>" "do.call" "igraph::make_graph" "compact_graph" "compact_structure" 
"create_impl" "<Anonymous>" "do.call" "igraph::make_graph" "compact_graph" "compact_structure" 
"create_impl" "<Anonymous>" "do.call" "igraph::make_graph" "compact_graph" "compact_structure" 
"create_impl" "<Anonymous>" "do.call" "igraph::make_graph" "compact_graph" "compact_structure" 
"create_impl" "<Anonymous>" "do.call" "igraph::make_graph" "compact_graph" "compact_structure" 
"%in%" "is_named" "E" "edge.attributes<-" "igraph::edge_attr<-" "compact_graph" "compact_structure" 
"create_impl" "<Anonymous>" "do.call" "igraph::make_graph" "compact_graph" "compact_structure" 
"create_impl" "<Anonymous>" "do.call" "igraph::make_graph" "compact_graph" "compact_structure" 
"compact_structure" 
"duplicated.default" "duplicated" "edge.attributes<-" "igraph::edge_attr<-" "compact_graph" "compact_structure" 
"compact_structure" 
"create_impl" "<Anonymous>" "do.call" "igraph::make_graph" "compact_graph" "compact_structure" 
"vcount" "index_is_natural_vertex_sequence" "vertex.attributes<-" "igraph::vertex_attr<-" "compact_graph" "compact_structure" 
"vcount" "index_is_natural_vertex_sequence" "vertex.attributes<-" "igraph::vertex_attr<-" "compact_graph" "compact_structure" 
"create_impl" "<Anonymous>" "do.call" "igraph::make_graph" "compact_graph" "compact_structure" 
"create_impl" "<Anonymous>" "do.call" "igraph::make_graph" "compact_graph" "compact_structure" 
"create_impl" "<Anonymous>" "do.call" "igraph::make_graph" "compact_graph" "compact_structure" 
"create_impl" "<Anonymous>" "do.call" "igraph::make_graph" "compact_graph" "compact_structure" 
"create_impl" "<Anonymous>" "do.call" "igraph::make_graph" "compact_graph" "compact_structure" 
