          reason
status          floating metadata substituted or unknown residue
  fallback    0               564                            653
  ok       7356                 0                              0
Corpus parity: 250 / 8573 
Corpus parity: 500 / 8573 
Corpus parity: 750 / 8573 
Corpus parity: 1000 / 8573 
Corpus parity: 1250 / 8573 
Corpus parity: 1500 / 8573 
Corpus parity: 1750 / 8573 
Corpus parity: 2000 / 8573 
Corpus parity: 2250 / 8573 
Corpus parity: 2500 / 8573 
Corpus parity: 2750 / 8573 
Corpus parity: 3000 / 8573 
Corpus parity: 3250 / 8573 
Corpus parity: 3500 / 8573 
Corpus parity: 3750 / 8573 
Corpus parity: 4000 / 8573 
Corpus parity: 4250 / 8573 
Corpus parity: 4500 / 8573 
Corpus parity: 4750 / 8573 
Corpus parity: 5000 / 8573 
Corpus parity: 5250 / 8573 
Corpus parity: 5500 / 8573 
Corpus parity: 5750 / 8573 
Corpus parity: 6000 / 8573 
Corpus parity: 6250 / 8573 
Corpus parity: 6500 / 8573 
Corpus parity: 6750 / 8573 
Corpus parity: 7000 / 8573 
Corpus parity: 7250 / 8573 
Corpus parity: 7500 / 8573 
Corpus parity: 7750 / 8573 
Corpus parity: 8000 / 8573 
Corpus parity: 8250 / 8573 
Corpus parity: 8500 / 8573 
Corpus parity: 8573 / 8573 
Locale parity: C 
Locale parity: C.UTF-8 
Locale parity: en_US.UTF-8 
PARITY PASS
