         workload                          stage  method n  median    min
         fast_500                    arrays_only compact 6  0.0240  0.023
         fast_500          graph_materialization compact 6  0.0900  0.088
         fast_500 parse_validate_canonical_pairs compact 6  0.1160  0.112
 duplicates_10000             public_constructor compact 6  0.0230  0.022
         fast_500             public_constructor compact 6  0.1160  0.115
     floating_564             public_constructor compact 6  0.2520  0.247
        mixed_500             public_constructor compact 6  0.1275  0.123
     modified_500             public_constructor compact 6  0.1120  0.111
     ordinary_500             public_constructor compact 6  0.1160  0.115
         fast_500 parse_validate_canonical_pairs       R 6  1.3040  1.288
 duplicates_10000             public_constructor       R 6  0.2490  0.247
         fast_500             public_constructor       R 6  1.2710  1.239
     floating_564             public_constructor       R 6 22.0215 21.979
        mixed_500             public_constructor       R 6  1.9810  1.837
     modified_500             public_constructor       R 6  1.8645  1.824
     ordinary_500             public_constructor       R 6  1.3315  1.306
    max
  0.032
  0.128
  0.157
  0.023
  0.124
  0.389
  0.206
  0.158
  0.117
  1.893
  0.258
  1.364
 26.115
  2.071
  1.999
  1.370
          workload                          stage  speedup
1         fast_500 parse_validate_canonical_pairs 11.62054
2 duplicates_10000             public_constructor 10.84783
3         fast_500             public_constructor 11.00461
4     floating_564             public_constructor 87.79160
5        mixed_500             public_constructor 15.55122
6     modified_500             public_constructor 16.60860
7     ordinary_500             public_constructor 11.49344
