sample.interval=1000
"compact_parse" "compact_arrays" "compact_structure" 
"compact_parse" "compact_arrays" "compact_structure" 
"compact_parse" "compact_arrays" "compact_structure" 
"compact_parse" "compact_arrays" "compact_structure" 
"compact_parse" "compact_arrays" "compact_structure" 
"<Anonymous>" "compact_parse" "compact_arrays" "compact_structure" 
"compact_parse" "compact_arrays" "compact_structure" 
"compact_parse" "compact_arrays" "compact_structure" 
"compact_parse" "compact_arrays" "compact_structure" 
"compact_parse" "compact_arrays" "compact_structure" 
"compact_parse" "compact_arrays" "compact_structure" 
"compact_parse" "compact_arrays" "compact_structure" 
"compact_parse" "compact_arrays" "compact_structure" 
"compact_parse" "compact_arrays" "compact_structure" 
"compact_parse" "compact_arrays" "compact_structure" 
"compact_parse" "compact_arrays" "compact_structure" 
"compact_parse" "compact_arrays" "compact_structure" 
"compact_parse" "compact_arrays" "compact_structure" 
"compact_parse" "compact_arrays" "compact_structure" 
"compact_parse" "compact_arrays" "compact_structure" 
"compact_parse" "compact_arrays" "compact_structure" 
"compact_parse" "compact_arrays" "compact_structure" 
"compact_parse" "compact_arrays" "compact_structure" 
"compact_parse" "compact_arrays" "compact_structure" 
"compact_parse" "compact_arrays" "compact_structure" 
"compact_parse" "compact_arrays" "compact_structure" 
"compact_parse" "compact_arrays" "compact_structure" 
"compact_parse" "compact_arrays" "compact_structure" 
"compact_parse" "compact_arrays" "compact_structure" 
"compact_parse" "compact_arrays" "compact_structure" 
"compact_parse" "compact_arrays" "compact_structure" 
"compact_parse" "compact_arrays" "compact_structure" 
"compact_parse" "compact_arrays" "compact_structure" 
"compact_parse" "compact_arrays" "compact_structure" 
"compact_parse" "compact_arrays" "compact_structure" 
"compact_parse" "compact_arrays" "compact_structure" 
"compact_parse" "compact_arrays" "compact_structure" 
"compact_parse" "compact_arrays" "compact_structure" 
"create_impl" "<Anonymous>" "do.call" "igraph::make_graph" "compact_graph" "compact_structure" 
"create_impl" "<Anonymous>" "do.call" "igraph::make_graph" "compact_graph" "compact_structure" 
"create_impl" "<Anonymous>" "do.call" "igraph::make_graph" "compact_graph" "compact_structure" 
"create_impl" "<Anonymous>" "do.call" "igraph::make_graph" "compact_graph" "compact_structure" 
"create_impl" "<Anonymous>" "do.call" "igraph::make_graph" "compact_graph" "compact_structure" 
"create_impl" "<Anonymous>" "do.call" "igraph::make_graph" "compact_graph" "compact_structure" 
"create_impl" "<Anonymous>" "do.call" "igraph::make_graph" "compact_graph" "compact_structure" 
"create_impl" "<Anonymous>" "do.call" "igraph::make_graph" "compact_graph" "compact_structure" 
"create_impl" "<Anonymous>" "do.call" "igraph::make_graph" "compact_graph" "compact_structure" 
"vertex.attributes<-" "igraph::vertex_attr<-" "compact_graph" "compact_structure" 
"create_impl" "<Anonymous>" "do.call" "igraph::make_graph" "compact_graph" "compact_structure" 
"create_impl" "<Anonymous>" "do.call" "igraph::make_graph" "compact_graph" "compact_structure" 
"is_igraph" "ensure_igraph" "vcount_impl" "vcount" "index_is_natural_vertex_sequence" "vertex.attributes<-" "igraph::vertex_attr<-" "compact_graph" "compact_structure" 
"is_igraph" "ensure_igraph" "vcount_impl" "vcount" "index_is_natural_vertex_sequence" "vertex.attributes<-" "igraph::vertex_attr<-" "compact_graph" "compact_structure" 
"is_igraph" "ensure_igraph" "vcount_impl" "vcount" "index_is_natural_vertex_sequence" "vertex.attributes<-" "igraph::vertex_attr<-" "compact_graph" "compact_structure" 
"V" "is_complete_iterator" "vertex_attr" "ends" "E" "edge.attributes<-" "igraph::edge_attr<-" "compact_graph" "compact_structure" 
"create_impl" "<Anonymous>" "do.call" "igraph::make_graph" "compact_graph" "compact_structure" 
"create_impl" "<Anonymous>" "do.call" "igraph::make_graph" "compact_graph" "compact_structure" 
"is_igraph" "ensure_igraph" "vcount_impl" "vcount" "V" "simple_vs_index" "create_vs" "edges_impl" "ends" "E" "edge.attributes<-" "igraph::edge_attr<-" "compact_graph" "compact_structure" 
"create_impl" "<Anonymous>" "do.call" "igraph::make_graph" "compact_graph" "compact_structure" 
"create_impl" "<Anonymous>" "do.call" "igraph::make_graph" "compact_graph" "compact_structure" 
"create_impl" "<Anonymous>" "do.call" "igraph::make_graph" "compact_graph" "compact_structure" 
"is_igraph" "ensure_igraph" "vertex_attr_names" "%in%" "is_named" "E" "edge.attributes<-" "igraph::edge_attr<-" "compact_graph" "compact_structure" 
"compact_structure" 
"E" "edge.attributes<-" "igraph::edge_attr<-" "compact_graph" "compact_structure" 
"create_impl" "<Anonymous>" "do.call" "igraph::make_graph" "compact_graph" "compact_structure" 
"create_impl" "<Anonymous>" "do.call" "igraph::make_graph" "compact_graph" "compact_structure" 
"create_impl" "<Anonymous>" "do.call" "igraph::make_graph" "compact_graph" "compact_structure" 
"create_impl" "<Anonymous>" "do.call" "igraph::make_graph" "compact_graph" "compact_structure" 
"create_impl" "<Anonymous>" "do.call" "igraph::make_graph" "compact_graph" "compact_structure" 
"create_impl" "<Anonymous>" "do.call" "igraph::make_graph" "compact_graph" "compact_structure" 
"create_impl" "<Anonymous>" "do.call" "igraph::make_graph" "compact_graph" "compact_structure" 
"create_impl" "<Anonymous>" "do.call" "igraph::make_graph" "compact_graph" "compact_structure" 
"create_impl" "<Anonymous>" "do.call" "igraph::make_graph" "compact_graph" "compact_structure" 
"create_impl" "<Anonymous>" "do.call" "igraph::make_graph" "compact_graph" "compact_structure" 
"create_impl" "<Anonymous>" "do.call" "igraph::make_graph" "compact_graph" "compact_structure" 
"create_impl" "<Anonymous>" "do.call" "igraph::make_graph" "compact_graph" "compact_structure" 
"add_vses_graph_ref" "E" "edge.attributes<-" "igraph::edge_attr<-" "compact_graph" "compact_structure" 
"matrix" "ends" "E" "edge.attributes<-" "igraph::edge_attr<-" "compact_graph" "compact_structure" 
"create_impl" "<Anonymous>" "do.call" "igraph::make_graph" "compact_graph" "compact_structure" 
"create_impl" "<Anonymous>" "do.call" "igraph::make_graph" "compact_graph" "compact_structure" 
"create_impl" "<Anonymous>" "do.call" "igraph::make_graph" "compact_graph" "compact_structure" 
"create_impl" "<Anonymous>" "do.call" "igraph::make_graph" "compact_graph" "compact_structure" 
"create_impl" "<Anonymous>" "do.call" "igraph::make_graph" "compact_graph" "compact_structure" 
"duplicated.default" "duplicated" "edge.attributes<-" "igraph::edge_attr<-" "compact_graph" "compact_structure" 
"matrix" "ends" "E" "edge.attributes<-" "igraph::edge_attr<-" "compact_graph" "compact_structure" 
"create_impl" "<Anonymous>" "do.call" "igraph::make_graph" "compact_graph" "compact_structure" 
"create_impl" "<Anonymous>" "do.call" "igraph::make_graph" "compact_graph" "compact_structure" 
"create_impl" "<Anonymous>" "do.call" "igraph::make_graph" "compact_graph" "compact_structure" 
"create_impl" "<Anonymous>" "do.call" "igraph::make_graph" "compact_graph" "compact_structure" 
"is_igraph" "get_vs_ref" "add_vses_graph_ref" "create_vs" "edges_impl" "ends" "E" "edge.attributes<-" "igraph::edge_attr<-" "compact_graph" "compact_structure" 
"create_impl" "<Anonymous>" "do.call" "igraph::make_graph" "compact_graph" "compact_structure" 
"warn_version" "is_igraph" "ensure_igraph" "vertex_attr" "V" "simple_vs_index" "create_vs" "edges_impl" "ends" "E" "edge.attributes<-" "igraph::edge_attr<-" "compact_graph" "compact_structure" 
"E" "edge.attributes<-" "igraph::edge_attr<-" "compact_graph" "compact_structure" 
"create_impl" "<Anonymous>" "do.call" "igraph::make_graph" "compact_graph" "compact_structure" 
"create_impl" "<Anonymous>" "do.call" "igraph::make_graph" "compact_graph" "compact_structure" 
"create_impl" "<Anonymous>" "do.call" "igraph::make_graph" "compact_graph" "compact_structure" 
"create_impl" "<Anonymous>" "do.call" "igraph::make_graph" "compact_graph" "compact_structure" 
"create_impl" "<Anonymous>" "do.call" "igraph::make_graph" "compact_graph" "compact_structure" 
"create_impl" "<Anonymous>" "do.call" "igraph::make_graph" "compact_graph" "compact_structure" 
"index_is_natural_vertex_sequence" "vertex.attributes<-" "igraph::vertex_attr<-" "compact_graph" "compact_structure" 
"create_impl" "<Anonymous>" "do.call" "igraph::make_graph" "compact_graph" "compact_structure" 
"create_impl" "<Anonymous>" "do.call" "igraph::make_graph" "compact_graph" "compact_structure" 
"create_impl" "<Anonymous>" "do.call" "igraph::make_graph" "compact_graph" "compact_structure" 
"attr" "get_es_graph_id" "as_igraph_es" "edge.attributes<-" "igraph::edge_attr<-" "compact_graph" "compact_structure" 
"create_impl" "<Anonymous>" "do.call" "igraph::make_graph" "compact_graph" "compact_structure" 
"vertex_attr" "V" "simple_vs_index" "create_vs" "edges_impl" "ends" "E" "edge.attributes<-" "igraph::edge_attr<-" "compact_graph" "compact_structure" 
"get_from_session" "get_config" "igraph_opt" "edges_impl" "ends" "E" "edge.attributes<-" "igraph::edge_attr<-" "compact_graph" "compact_structure" 
"create_impl" "<Anonymous>" "do.call" "igraph::make_graph" "compact_graph" "compact_structure" 
"create_impl" "<Anonymous>" "do.call" "igraph::make_graph" "compact_graph" "compact_structure" 
"create_impl" "<Anonymous>" "do.call" "igraph::make_graph" "compact_graph" "compact_structure" 
"compact_structure" 
"create_impl" "<Anonymous>" "do.call" "igraph::make_graph" "compact_graph" "compact_structure" 
"ensure_igraph" "V" "is_complete_iterator" "vertex_attr" "ends" "E" "edge.attributes<-" "igraph::edge_attr<-" "compact_graph" "compact_structure" 
"do.call" "igraph::make_graph" "compact_graph" "compact_structure" 
"create_impl" "<Anonymous>" "do.call" "igraph::make_graph" "compact_graph" "compact_structure" 
"create_impl" "<Anonymous>" "do.call" "igraph::make_graph" "compact_graph" "compact_structure" 
"create_impl" "<Anonymous>" "do.call" "igraph::make_graph" "compact_graph" "compact_structure" 
"create_impl" "<Anonymous>" "do.call" "igraph::make_graph" "compact_graph" "compact_structure" 
"create_impl" "<Anonymous>" "do.call" "igraph::make_graph" "compact_graph" "compact_structure" 
"E" "edge.attributes<-" "igraph::edge_attr<-" "compact_graph" "compact_structure" 
"create_impl" "<Anonymous>" "do.call" "igraph::make_graph" "compact_graph" "compact_structure" 
"create_impl" "<Anonymous>" "do.call" "igraph::make_graph" "compact_graph" "compact_structure" 
"create_impl" "<Anonymous>" "do.call" "igraph::make_graph" "compact_graph" "compact_structure" 
"as.numeric" "as_igraph_es" "edges_impl" "ends" "E" "edge.attributes<-" "igraph::edge_attr<-" "compact_graph" "compact_structure" 
"create_impl" "<Anonymous>" "do.call" "igraph::make_graph" "compact_graph" "compact_structure" 
"create_impl" "<Anonymous>" "do.call" "igraph::make_graph" "compact_graph" "compact_structure" 
"compact_structure" 
"is_igraph" "ensure_igraph" "V" "is_complete_iterator" "vertex_attr" "ends" "E" "edge.attributes<-" "igraph::edge_attr<-" "compact_graph" "compact_structure" 
"compact_graph" "compact_structure" 
"create_impl" "<Anonymous>" "do.call" "igraph::make_graph" "compact_graph" "compact_structure" 
"rlang::is_missing" "ensure_igraph" "V" "vertex.attributes<-" "igraph::vertex_attr<-" "compact_graph" "compact_structure" 
"rlang::is_missing" "ensure_igraph" "V" "vertex.attributes<-" "igraph::vertex_attr<-" "compact_graph" "compact_structure" 
"rlang::is_missing" "ensure_igraph" "V" "vertex.attributes<-" "igraph::vertex_attr<-" "compact_graph" "compact_structure" 
"rlang::is_missing" "ensure_igraph" "V" "vertex.attributes<-" "igraph::vertex_attr<-" "compact_graph" "compact_structure" 
"create_impl" "<Anonymous>" "do.call" "igraph::make_graph" "compact_graph" "compact_structure" 
"warn_version" "is_igraph" "get_es_ref" "update_es_ref" "E" "edge.attributes<-" "igraph::edge_attr<-" "compact_graph" "compact_structure" 
"create_impl" "<Anonymous>" "do.call" "igraph::make_graph" "compact_graph" "compact_structure" 
"create_impl" "<Anonymous>" "do.call" "igraph::make_graph" "compact_graph" "compact_structure" 
"create_impl" "<Anonymous>" "do.call" "igraph::make_graph" "compact_graph" "compact_structure" 
"create_impl" "<Anonymous>" "do.call" "igraph::make_graph" "compact_graph" "compact_structure" 
"create_impl" "<Anonymous>" "do.call" "igraph::make_graph" "compact_graph" "compact_structure" 
"create_impl" "<Anonymous>" "do.call" "igraph::make_graph" "compact_graph" "compact_structure" 
"create_impl" "<Anonymous>" "do.call" "igraph::make_graph" "compact_graph" "compact_structure" 
"create_impl" "<Anonymous>" "do.call" "igraph::make_graph" "compact_graph" "compact_structure" 
"vertex.attributes<-" "igraph::vertex_attr<-" "compact_graph" "compact_structure" 
"create_impl" "<Anonymous>" "do.call" "igraph::make_graph" "compact_graph" "compact_structure" 
"update_vs_ref" "V" "is_complete_iterator" "vertex_attr" "ends" "E" "edge.attributes<-" "igraph::edge_attr<-" "compact_graph" "compact_structure" 
"create_impl" "<Anonymous>" "do.call" "igraph::make_graph" "compact_graph" "compact_structure" 
"create_impl" "<Anonymous>" "do.call" "igraph::make_graph" "compact_graph" "compact_structure" 
"create_impl" "<Anonymous>" "do.call" "igraph::make_graph" "compact_graph" "compact_structure" 
"E" "edge.attributes<-" "igraph::edge_attr<-" "compact_graph" "compact_structure" 
"create_impl" "<Anonymous>" "do.call" "igraph::make_graph" "compact_graph" "compact_structure" 
"create_impl" "<Anonymous>" "do.call" "igraph::make_graph" "compact_graph" "compact_structure" 
"create_impl" "<Anonymous>" "do.call" "igraph::make_graph" "compact_graph" "compact_structure" 
"create_impl" "<Anonymous>" "do.call" "igraph::make_graph" "compact_graph" "compact_structure" 
"create_impl" "<Anonymous>" "do.call" "igraph::make_graph" "compact_graph" "compact_structure" 
"create_impl" "<Anonymous>" "do.call" "igraph::make_graph" "compact_graph" "compact_structure" 
"create_impl" "<Anonymous>" "do.call" "igraph::make_graph" "compact_graph" "compact_structure" 
"create_impl" "<Anonymous>" "do.call" "igraph::make_graph" "compact_graph" "compact_structure" 
"edge.attributes<-" "igraph::edge_attr<-" "compact_graph" "compact_structure" 
"create_impl" "<Anonymous>" "do.call" "igraph::make_graph" "compact_graph" "compact_structure" 
"create_impl" "<Anonymous>" "do.call" "igraph::make_graph" "compact_graph" "compact_structure" 
"create_impl" "<Anonymous>" "do.call" "igraph::make_graph" "compact_graph" "compact_structure" 
"is_igraph" "ensure_igraph" "vcount_impl" "vcount" "V" "is_complete_iterator" "vertex_attr" "ends" "E" "edge.attributes<-" "igraph::edge_attr<-" "compact_graph" "compact_structure" 
"create_impl" "<Anonymous>" "do.call" "igraph::make_graph" "compact_graph" "compact_structure" 
"create_impl" "<Anonymous>" "do.call" "igraph::make_graph" "compact_graph" "compact_structure" 
"create_impl" "<Anonymous>" "do.call" "igraph::make_graph" "compact_graph" "compact_structure" 
"create_impl" "<Anonymous>" "do.call" "igraph::make_graph" "compact_graph" "compact_structure" 
"create_impl" "<Anonymous>" "do.call" "igraph::make_graph" "compact_graph" "compact_structure" 
"create_impl" "<Anonymous>" "do.call" "igraph::make_graph" "compact_graph" "compact_structure" 
"create_impl" "<Anonymous>" "do.call" "igraph::make_graph" "compact_graph" "compact_structure" 
"create_impl" "<Anonymous>" "do.call" "igraph::make_graph" "compact_graph" "compact_structure" 
"create_impl" "<Anonymous>" "do.call" "igraph::make_graph" "compact_graph" "compact_structure" 
"create_impl" "<Anonymous>" "do.call" "igraph::make_graph" "compact_graph" "compact_structure" 
"anyDuplicated" "assert_named_list" "graph.attributes<-" "igraph::graph_attr<-" "compact_graph" "compact_structure" 
"create_impl" "<Anonymous>" "do.call" "igraph::make_graph" "compact_graph" "compact_structure" 
"create_impl" "<Anonymous>" "do.call" "igraph::make_graph" "compact_graph" "compact_structure" 
"create_impl" "<Anonymous>" "do.call" "igraph::make_graph" "compact_graph" "compact_structure" 
"create_impl" "<Anonymous>" "do.call" "igraph::make_graph" "compact_graph" "compact_structure" 
"create_impl" "<Anonymous>" "do.call" "igraph::make_graph" "compact_graph" "compact_structure" 
"create_impl" "<Anonymous>" "do.call" "igraph::make_graph" "compact_graph" "compact_structure" 
"create_impl" "<Anonymous>" "do.call" "igraph::make_graph" "compact_graph" "compact_structure" 
"create_impl" "<Anonymous>" "do.call" "igraph::make_graph" "compact_graph" "compact_structure" 
"create_impl" "<Anonymous>" "do.call" "igraph::make_graph" "compact_graph" "compact_structure" 
"ends" "E" "edge.attributes<-" "igraph::edge_attr<-" "compact_graph" "compact_structure" 
"create_impl" "<Anonymous>" "do.call" "igraph::make_graph" "compact_graph" "compact_structure" 
"create_impl" "<Anonymous>" "do.call" "igraph::make_graph" "compact_graph" "compact_structure" 
"create_impl" "<Anonymous>" "do.call" "igraph::make_graph" "compact_graph" "compact_structure" 
"create_impl" "<Anonymous>" "do.call" "igraph::make_graph" "compact_graph" "compact_structure" 
"edge.attributes<-" "igraph::edge_attr<-" "compact_graph" "compact_structure" 
"create_impl" "<Anonymous>" "do.call" "igraph::make_graph" "compact_graph" "compact_structure" 
"create_impl" "<Anonymous>" "do.call" "igraph::make_graph" "compact_graph" "compact_structure" 
"create_impl" "<Anonymous>" "do.call" "igraph::make_graph" "compact_graph" "compact_structure" 
"create_impl" "<Anonymous>" "do.call" "igraph::make_graph" "compact_graph" "compact_structure" 
"compact_structure" 
"create_impl" "<Anonymous>" "do.call" "igraph::make_graph" "compact_graph" "compact_structure" 
"create_impl" "<Anonymous>" "do.call" "igraph::make_graph" "compact_graph" "compact_structure" 
"create_impl" "<Anonymous>" "do.call" "igraph::make_graph" "compact_graph" "compact_structure" 
"create_impl" "<Anonymous>" "do.call" "igraph::make_graph" "compact_graph" "compact_structure" 
"compact_structure" 
"edge.attributes<-" "igraph::edge_attr<-" "compact_graph" "compact_structure" 
"create_impl" "<Anonymous>" "do.call" "igraph::make_graph" "compact_graph" "compact_structure" 
"create_impl" "<Anonymous>" "do.call" "igraph::make_graph" "compact_graph" "compact_structure" 
"igraph::vertex_attr<-" "compact_graph" "compact_structure" 
"edge.attributes<-" "igraph::edge_attr<-" "compact_graph" "compact_structure" 
"create_impl" "<Anonymous>" "do.call" "igraph::make_graph" "compact_graph" "compact_structure" 
"set_complete_iterator" "V" "is_complete_iterator" "vertex_attr" "ends" "E" "edge.attributes<-" "igraph::edge_attr<-" "compact_graph" "compact_structure" 
"set_complete_iterator" "V" "is_complete_iterator" "vertex_attr" "ends" "E" "edge.attributes<-" "igraph::edge_attr<-" "compact_graph" "compact_structure" 
"set_complete_iterator" "V" "is_complete_iterator" "vertex_attr" "ends" "E" "edge.attributes<-" "igraph::edge_attr<-" "compact_graph" "compact_structure" 
"create_impl" "<Anonymous>" "do.call" "igraph::make_graph" "compact_graph" "compact_structure" 
"V" "is_complete_iterator" "vertex_attr" "ends" "E" "edge.attributes<-" "igraph::edge_attr<-" "compact_graph" "compact_structure" 
"create_impl" "<Anonymous>" "do.call" "igraph::make_graph" "compact_graph" "compact_structure" 
"create_impl" "<Anonymous>" "do.call" "igraph::make_graph" "compact_graph" "compact_structure" 
"create_impl" "<Anonymous>" "do.call" "igraph::make_graph" "compact_graph" "compact_structure" 
"create_impl" "<Anonymous>" "do.call" "igraph::make_graph" "compact_graph" "compact_structure" 
"create_impl" "<Anonymous>" "do.call" "igraph::make_graph" "compact_graph" "compact_structure" 
"create_impl" "<Anonymous>" "do.call" "igraph::make_graph" "compact_graph" "compact_structure" 
"warn_version" "is_igraph" "ensure_igraph" "is_named" "V" "is_complete_iterator" "vertex_attr" "ends" "E" "edge.attributes<-" "igraph::edge_attr<-" "compact_graph" "compact_structure" 
"create_impl" "<Anonymous>" "do.call" "igraph::make_graph" "compact_graph" "compact_structure" 
"create_impl" "<Anonymous>" "do.call" "igraph::make_graph" "compact_graph" "compact_structure" 
"compact_structure" 
"create_impl" "<Anonymous>" "do.call" "igraph::make_graph" "compact_graph" "compact_structure" 
"create_impl" "<Anonymous>" "do.call" "igraph::make_graph" "compact_graph" "compact_structure" 
"create_impl" "<Anonymous>" "do.call" "igraph::make_graph" "compact_graph" "compact_structure" 
"create_impl" "<Anonymous>" "do.call" "igraph::make_graph" "compact_graph" "compact_structure" 
"compact_structure" 
"graph.attributes<-" "igraph::graph_attr<-" "compact_graph" "compact_structure" 
"create_impl" "<Anonymous>" "do.call" "igraph::make_graph" "compact_graph" "compact_structure" 
"compact_structure" 
"create_impl" "<Anonymous>" "do.call" "igraph::make_graph" "compact_graph" "compact_structure" 
"create_impl" "<Anonymous>" "do.call" "igraph::make_graph" "compact_graph" "compact_structure" 
"create_impl" "<Anonymous>" "do.call" "igraph::make_graph" "compact_graph" "compact_structure" 
"compact_structure" 
"create_impl" "<Anonymous>" "do.call" "igraph::make_graph" "compact_graph" "compact_structure" 
"create_impl" "<Anonymous>" "do.call" "igraph::make_graph" "compact_graph" "compact_structure" 
"create_impl" "<Anonymous>" "do.call" "igraph::make_graph" "compact_graph" "compact_structure" 
"create_impl" "<Anonymous>" "do.call" "igraph::make_graph" "compact_graph" "compact_structure" 
"create_impl" "<Anonymous>" "do.call" "igraph::make_graph" "compact_graph" "compact_structure" 
"create_impl" "<Anonymous>" "do.call" "igraph::make_graph" "compact_graph" "compact_structure" 
"create_impl" "<Anonymous>" "do.call" "igraph::make_graph" "compact_graph" "compact_structure" 
"create_impl" "<Anonymous>" "do.call" "igraph::make_graph" "compact_graph" "compact_structure" 
"compact_structure" 
