* installing *source* package ‘glyrepr’ ...
** this is package ‘glyrepr’ version ‘1.0.0.9000’
** using staged installation
** libs
specified C++17
using C++ compiler: ‘Apple clang version 17.0.0 (clang-1700.6.3.2)’
using C++17
using SDK: ‘MacOSX26.2.sdk’
clang++ -arch arm64 -std=gnu++17 -I"/Library/Frameworks/R.framework/Resources/include" -DNDEBUG  -I'/Users/fubin/Library/R/arm64/4.6/library/Rcpp/include' -I/opt/R/arm64/include -I/opt/homebrew/opt/gettext/include    -fPIC  -falign-functions=64 -Wall -g -O2   -c RcppExports.cpp -o RcppExports.o
clang++ -arch arm64 -std=gnu++17 -I"/Library/Frameworks/R.framework/Resources/include" -DNDEBUG  -I'/Users/fubin/Library/R/arm64/4.6/library/Rcpp/include' -I/opt/R/arm64/include -I/opt/homebrew/opt/gettext/include    -fPIC  -falign-functions=64 -Wall -g -O2   -c compact-iupac.cpp -o compact-iupac.o
clang++ -arch arm64 -std=gnu++17 -dynamiclib -Wl,-headerpad_max_install_names -undefined dynamic_lookup -L/Library/Frameworks/R.framework/Resources/lib -L/opt/R/arm64/lib -L/opt/homebrew/opt/gettext/lib -o glyrepr.so RcppExports.o compact-iupac.o -F/Library/Frameworks/R.framework/.. -framework R
installing to /private/tmp/glyrepr-api-candidate-lib/00LOCK-glyrepr/00new/glyrepr/libs
** R
** byte-compile and prepare package for lazy loading
** help
*** installing help indices
*** copying figures
** building package indices
** installing vignettes
** testing if installed package can be loaded from temporary location
** checking absolute paths in shared objects and dynamic libraries
** testing if installed package can be loaded from final location
** testing if installed package keeps a record of temporary installation path
* DONE (glyrepr)
